// Jest Snapshot v1, https://goo.gl/fbAQLP

exports[`Prubas en CounterApp Debe hacer match con el snapshpt 1`] = `
<div>
  <h1>
     Contador 
  </h1>
  <h2>
     
    10
     
  </h2>
  <button>
     +1 
  </button>
  <button>
     -1 
  </button>
  <button
    aria-label="btn-reset"
  >
     Reset 
  </button>
</div>
`;
